<html>
<body>
<pre>
<h1>µVision Build Log</h1>
<h2>Tool Versions:</h2>
IDE-Version: µVision V5.39.0.0
Copyright (C) 2023 ARM Ltd and ARM Germany GmbH. All rights reserved.
License Information: Michael W, ucsb, LIC=----
 
Tool Versions:
Toolchain:       MDK-Lite  Version: 5.39.0.0
Toolchain Path:  C:\Keil_v5\ARM\ARMCLANG\Bin
C Compiler:      ArmClang.exe V6.21
Assembler:       Armasm.exe V6.21
Linker/Locator:  ArmLink.exe V6.21
Library Manager: ArmAr.exe V6.21
Hex Converter:   FromElf.exe V6.21
CPU DLL:         SARMCM3.DLL V5.39.0.0
Dialog DLL:      DCM.DLL V1.17.5.0
Target DLL:      STLink\ST-LINKIII-KEIL_SWO.dll V3.2.0.0
Dialog DLL:      TCM.DLL V1.56.4.0
 
<h2>Project:</h2>
C:\Users\micha\Downloads\Template_L6\Template_L6\L6C\project.uvprojx
Project File Date:  03/08/2024

<h2>Output:</h2>
*** Using Compiler 'V6.21', folder: 'C:\Keil_v5\ARM\ARMCLANG\Bin'
Rebuild target 'Target 1'
compiling data.c...
assembling startup_stm32l476xx.s...
src/UART_printf.c(22): warning: unused parameter 'f' [-Wunused-parameter]
   22 | int fputc(int ch, FILE *f) { 
      |                         ^
src/UART_printf.c(31): warning: unused parameter 'f' [-Wunused-parameter]
   31 | int fgetc(FILE *f) {  
      |                 ^
2 warnings generated.
compiling UART_printf.c...
compiling DMA.c...
src/CRC.c(21): warning: unsafe buffer access [-Wunsafe-buffer-usage]
   21 |     CRC->DR = pBuffer[index];
      |               ^~~~~~~
1 warning generated.
compiling CRC.c...
compiling LED.c...
compiling SysClock.c...
src/SysTimer.c(79): warning: mixing declarations and code is incompatible with standards before C99 [-Wdeclaration-after-statement]
   79 |         uint32_t VALvalue = SysTick->VAL;
      |                  ^
src/SysTimer.c(79): warning: unused variable 'VALvalue' [-Wunused-variable]
   79 |         uint32_t VALvalue = SysTick->VAL;
      |                  ^~~~~~~~
2 warnings generated.
compiling SysTimer.c...
compiling main.c...
src/UART.c(127): warning: comparison of integers of different signs: 'int' and 'uint32_t' (aka 'unsigned int') [-Wsign-compare]
  127 |         for (i = 0; i < nBytes; i++) {
      |                     ~ ^ ~~~~~~
src/UART.c(140): warning: no newline at end of file [-Wnewline-eof]
  140 | }
      |  ^
src/UART.c(130): warning: unsafe buffer access [-Wunsafe-buffer-usage]
  130 |                 USARTx->TDR = buffer[i] & 0xFF;
      |                               ^~~~~~
3 warnings generated.
compiling UART.c...
linking...
Program Size: Code=9252 RO-data=3032 RW-data=4 ZI-data=1732  
FromELF: creating hex file...
".\Objects\project.axf" - 0 Error(s), 8 Warning(s).

<h2>Software Packages used:</h2>

Package Vendor: ARM
                http://www.keil.com/pack/ARM.CMSIS.5.9.0.pack
                ARM::CMSIS@5.9.0
                CMSIS (Common Microcontroller Software Interface Standard)
   * Component: CORE Version: 5.6.0

Package Vendor: Keil
                https://www.keil.com/pack/Keil.STM32L4xx_DFP.2.6.2.pack
                Keil::STM32L4xx_DFP@2.6.2
                STMicroelectronics STM32L4 Series Device Support, Drivers and Examples

<h2>Collection of Component include folders:</h2>
  ./RTE/_Target_1
  C:/Users/micha/AppData/Local/Arm/Packs/ARM/CMSIS/5.9.0/CMSIS/Core/Include
  C:/Users/micha/AppData/Local/Arm/Packs/Keil/STM32L4xx_DFP/2.6.2/Drivers/CMSIS/Device/ST/STM32L4xx/Include

<h2>Collection of Component Files used:</h2>

   * Component: ARM::CMSIS:CORE@5.6.0
Build Time Elapsed:  00:00:01
</pre>
</body>
</html>
